Microchip MPLAB XC8 Compiler V1.31 ()

Linker command line:

--edf=C:\Program Files (x86)\Microchip\xc8\v1.31\dat\en_msgs.txt -cs \
  -h+dist/LPCUSBDK_16F1459/production\MPLAB.X.production.sym \
  --cmf=dist/LPCUSBDK_16F1459/production\MPLAB.X.production.cmf -z \
  -Q16F1459 -oC:\Users\Prem\AppData\Local\Temp\s3s0.6 \
  -Mdist/LPCUSBDK_16F1459/production/MPLAB.X.production.map -E1 -ver=XC8 \
  -ASTACK=02220h-0231fh -pstack=STACK -ACONST=00h-0FFhx32 \
  -ACODE=00h-07FFhx4 -ASTRCODE=00h-01FFFh -AENTRY=00h-0FFhx32 \
  -ASTRING=00h-0FFhx32 -ACOMMON=070h-07Fh -ABANK0=020h-06Fh \
  -ABANK1=0A0h-0EFh -ABANK2=0120h-016Fh -ABANK3=01A0h-01EFh \
  -ABANK4=0220h-026Fh -ABANK5=02A0h-02EFh -ABANK6=0320h-036Fh \
  -ABANK7=03A0h-03EFh -ABANK8=0420h-046Fh -ABANK9=04A0h-04EFh \
  -ABANK10=0520h-056Fh -ABANK11=05A0h-05EFh -ABANK12=0620h-064Fh \
  -ABIGRAM=02000h-023EFh \
  -ARAM=020h-06Fh,0A0h-0EFh,0120h-016Fh,01A0h-01EFh,0220h-026Fh,02A0h-02EFh,0320h-036Fh,03A0h-03EFh,0420h-046Fh,04A0h-04EFh,0520h-056Fh,05A0h-05EFh,0620h-064Fh \
  -AABS1=020h-07Fh,0A0h-0EFh,0120h-016Fh,01A0h-01EFh,0220h-026Fh,02A0h-02EFh,0320h-036Fh,03A0h-03EFh,0420h-046Fh,04A0h-04EFh,0520h-056Fh,05A0h-05EFh,0620h-064Fh \
  -ASFR0=00h-01Fh -ASFR1=080h-09Fh -ASFR2=0100h-011Fh -ASFR3=0180h-019Fh \
  -ASFR4=0200h-021Fh -ASFR5=0280h-029Fh -ASFR6=0300h-031Fh \
  -ASFR7=0380h-039Fh -ASFR8=0400h-041Fh -ASFR9=0480h-049Fh \
  -ASFR10=0500h-051Fh -ASFR11=0580h-059Fh -ASFR12=0600h-061Fh \
  -ASFR13=0680h-06EFh -ASFR14=0700h-076Fh -ASFR15=0780h-07EFh \
  -ASFR16=0800h-086Fh -ASFR17=0880h-08EFh -ASFR18=0900h-096Fh \
  -ASFR19=0980h-09EFh -ASFR20=0A00h-0A6Fh -ASFR21=0A80h-0AEFh \
  -ASFR22=0B00h-0B6Fh -ASFR23=0B80h-0BEFh -ASFR24=0C00h-0C6Fh \
  -ASFR25=0C80h-0CEFh -ASFR26=0D00h-0D6Fh -ASFR27=0D80h-0DEFh \
  -ASFR28=0E00h-0E6Fh -ASFR29=0E80h-0EEFh -ASFR30=0F00h-0F6Fh \
  -ASFR31=0F80h-0FEFh -preset_vec=00h,intentry=04h,init,end_init \
  -ppowerup=CODE -pcinit=CODE -pfunctab=CODE -ACONFIG=08007h-08008h \
  -pconfig=CONFIG -DCONFIG=2 -AIDLOC=08000h-08003h -pidloc=IDLOC -DIDLOC=2 \
  -DCODE=2 -DSTRCODE=2 -DSTRING=2 -DCONST=2 -DENTRY=2 -k \
  C:\Users\Prem\AppData\Local\Temp\s3s0.obj \
  dist/LPCUSBDK_16F1459/production\MPLAB.X.production.obj 

Object code version is 3.11

Machine type is 16F1459



                Name                               Link     Load   Length Selector   Space Scale
C:\Users\Prem\AppData\Local\Temp\s3s0.obj
                end_init                             10       10        2        8       0
                reset_vec                             0        0        2        0       0
                config                             8007     8007        2    1000E       0
dist/LPCUSBDK_16F1459/production\MPLAB.X.production.obj
                cinit                                12       12       2E        8       0
                intentry                              4        4        C        8       0
                text43                              F90      F90       70     1F20       0
                text42                              E56      E56       64     1CAC       0
                text41                              EBA      EBA       68     1D74       0
                text40                              523      523       99      798       0
                text39                              A84      A84       30     1508       0
                text38                              7BC      7BC       3D      798       0
                text37                              A3E      A3E       20     147C       0
                text36                              B58      B58       4C     16B0       0
                text35                              AE6      AE6       39     15CC       0
                text34                              907      907       13     120E       0
                swtext4                             82E      82E        A     1000       0
                text33                              95F      95F       19     12BE       0
                swtext3                             824      824        A     1000       0
                text32                              978      978       19     12F0       0
                text31                              C8A      C8A       4E     1914       0
                text30                              D2F      D2F       62     1A5E       0
                text29                              B1F      B1F       39     163E       0
                text28                               40       40      109        8       0
                text27                              6D2      6D2       79      798       0
                text26                              BA4      BA4       4C     1748       0
                text25                              9C7      9C7       1D     138E       0
                text24                              5BC      5BC       91      798       0
                swtext2                             800      800       1A     1000       0
                text23                              DF3      DF3       63     1BE6       0
                text22                              CD8      CD8       57     19B0       0
                text21                              64D      64D       85      798       0
                text20                              BF0      BF0       4D     17E0       0
                text19                              74B      74B       71      798       0
                text18                              A5E      A5E       26     14BC       0
                text17                              A1F      A1F       1F     143E       0
                text16                              A01      A01       1E     1402       0
                text15                              47E      47E       A5      798       0
                text14                              149      149       E8        8       0
                text12                              930      930       17     1260       0
                text11                              C3D      C3D       4D     187A       0
                text10                              231      231       D5        8       0
                text9                               D91      D91       62     1B22       0
                text8                               991      991       1B     1322       0
                text7                               AB4      AB4       32     1568       0
                text6                               F22      F22       6E     1E44       0
                text5                               8EA      8EA        B     11D4       0
                swtext1                             81A      81A        A     1000       0
                text4                               9AC      9AC       1B     1358       0
                text3                               947      947       18     128E       0
                text2                               9E4      9E4       1D     13C8       0
                text1                               3CC      3CC       B2      798       0
                maintext                            91A      91A       16     1234       0
                cstackBANK0                          60       60       10       60       1
                cstackCOMMON                         70       70        E       70       1
                cstackBANK1                          E0       E0        8       E0       1
                cstackBANK2                         160      160       10      160       1
                cstackBANK4                         232      232        2      220       1
                inittext                            8E4      8E4        6     11C8       0
                clrtext                             7F9      7F9        6      798       0
                bssBANK6                            320      320       40      320       1
                bssBANK5                            2A0      2A0       40      2A0       1
                dataBANK4                           220      220       12      220       1
                bssBANK3                            1A0      1A0       4F      1A0       1
                bssBANK1                             E8       E8        7       E0       1
                strings                             306      306       C6      60C       0
                idataBANK4                          8F5      8F5       12     11EA       0

TOTAL           Name                               Link     Load   Length     Space
        CLASS   STACK          

        CLASS   CONST          
                swtext4                             82E      82E        A         0
                swtext3                             824      824        A         0
                swtext2                             800      800       1A         0
                swtext1                             81A      81A        A         0

        CLASS   CODE           
                end_init                             10       10        2         0
                cinit                                12       12       2E         0
                intentry                              4        4        C         0
                reset_vec                             0        0        2         0
                text43                              F90      F90       70         0
                text42                              E56      E56       64         0
                text41                              EBA      EBA       68         0
                text40                              523      523       99         0
                text39                              A84      A84       30         0
                text38                              7BC      7BC       3D         0
                text37                              A3E      A3E       20         0
                text36                              B58      B58       4C         0
                text35                              AE6      AE6       39         0
                text34                              907      907       13         0
                text33                              95F      95F       19         0
                text32                              978      978       19         0
                text31                              C8A      C8A       4E         0
                text30                              D2F      D2F       62         0
                text29                              B1F      B1F       39         0
                text28                               40       40      109         0
                text27                              6D2      6D2       79         0
                text26                              BA4      BA4       4C         0
                text25                              9C7      9C7       1D         0
                text24                              5BC      5BC       91         0
                text23                              DF3      DF3       63         0
                text22                              CD8      CD8       57         0
                text21                              64D      64D       85         0
                text20                              BF0      BF0       4D         0
                text19                              74B      74B       71         0
                text18                              A5E      A5E       26         0
                text17                              A1F      A1F       1F         0
                text16                              A01      A01       1E         0
                text15                              47E      47E       A5         0
                text14                              149      149       E8         0
                text12                              930      930       17         0
                text11                              C3D      C3D       4D         0
                text10                              231      231       D5         0
                text9                               D91      D91       62         0
                text8                               991      991       1B         0
                text7                               AB4      AB4       32         0
                text6                               F22      F22       6E         0
                text5                               8EA      8EA        B         0
                text4                               9AC      9AC       1B         0
                text3                               947      947       18         0
                text2                               9E4      9E4       1D         0
                text1                               3CC      3CC       B2         0
                maintext                            91A      91A       16         0
                inittext                            8E4      8E4        6         0
                clrtext                             7F9      7F9        6         0
                idataBANK4                          8F5      8F5       12         0

        CLASS   STRCODE        

        CLASS   ENTRY          

        CLASS   STRING         
                strings                             306      306       C6         0

        CLASS   COMMON         
                cstackCOMMON                         70       70        E         1

        CLASS   BANK0          
                cstackBANK0                          60       60       10         1

        CLASS   BANK1          
                cstackBANK1                          E0       E0        8         1
                bssBANK1                             E8       E8        7         1

        CLASS   BANK2          
                cstackBANK2                         160      160       10         1

        CLASS   BANK3          
                bssBANK3                            1A0      1A0       4F         1

        CLASS   BANK4          
                cstackBANK4                         232      232        2         1
                dataBANK4                           220      220       12         1

        CLASS   BANK5          
                bssBANK5                            2A0      2A0       40         1

        CLASS   BANK6          
                bssBANK6                            320      320       40         1

        CLASS   BANK7          

        CLASS   BANK8          

        CLASS   BANK9          

        CLASS   BANK10         

        CLASS   BANK11         

        CLASS   BANK12         

        CLASS   BIGRAM         

        CLASS   RAM            

        CLASS   ABS1           
                abs_s1                               20       20       40         1
                abs_s1                               7E       7E        2         1
                abs_s1                               A0       A0       40         1
                abs_s1                              120      120       40         1

        CLASS   SFR0           

        CLASS   SFR1           

        CLASS   SFR2           

        CLASS   SFR3           

        CLASS   SFR4           

        CLASS   SFR5           

        CLASS   SFR6           

        CLASS   SFR7           

        CLASS   SFR8           

        CLASS   SFR9           

        CLASS   SFR10          

        CLASS   SFR11          

        CLASS   SFR12          

        CLASS   SFR13          

        CLASS   SFR14          

        CLASS   SFR15          

        CLASS   SFR16          

        CLASS   SFR17          

        CLASS   SFR18          

        CLASS   SFR19          

        CLASS   SFR20          

        CLASS   SFR21          

        CLASS   SFR22          

        CLASS   SFR23          

        CLASS   SFR24          

        CLASS   SFR25          

        CLASS   SFR26          

        CLASS   SFR27          

        CLASS   SFR28          

        CLASS   SFR29          

        CLASS   SFR30          

        CLASS   SFR31          

        CLASS   CONFIG         
                config                             8007     8007        2         0

        CLASS   IDLOC          

        CLASS   BANK31         

        CLASS   BANK30         

        CLASS   BANK29         

        CLASS   BANK28         

        CLASS   BANK27         

        CLASS   BANK26         

        CLASS   BANK25         

        CLASS   BANK24         

        CLASS   BANK23         

        CLASS   BANK22         

        CLASS   BANK21         

        CLASS   BANK20         

        CLASS   BANK19         

        CLASS   BANK18         

        CLASS   BANK17         

        CLASS   BANK16         

        CLASS   BANK15         

        CLASS   BANK14         

        CLASS   BANK13         

        CLASS   EEDATA         



SEGMENTS        Name                           Load    Length   Top    Selector   Space  Class     Delta

                reset_vec                      000000  000002  000002         0       0  CODE        2
                intentry                       000004  000302  000306         8       0  CODE        2
                cstackBANK0                    000060  000010  000070        60       1  BANK0       1
                cstackCOMMON                   000070  00000E  00007E        70       1  COMMON      1
                cstackBANK1                    0000E0  00000F  0000EF        E0       1  BANK1       1
                cstackBANK2                    000160  000010  000170       160       1  BANK2       1
                bssBANK3                       0001A0  00004F  0001EF       1A0       1  BANK3       1
                dataBANK4                      000220  000014  000234       220       1  BANK4       1
                bssBANK5                       0002A0  000040  0002E0       2A0       1  BANK5       1
                bssBANK6                       000320  000040  000360       320       1  BANK6       1
                strings                        000306  0000C6  0003CC       60C       0  STRING      2
                text1                          0003CC  000433  0007FF       798       0  CODE        2
                swtext2                        000800  000038  000838      1000       0  CONST       2
                inittext                       0008E4  000006  0008EA      11C8       0  CODE        2
                text5                          0008EA  00000B  0008F5      11D4       0  CODE        2
                idataBANK4                     0008F5  000012  000907      11EA       0  CODE        2
                text34                         000907  000013  00091A      120E       0  CODE        2
                maintext                       00091A  000016  000930      1234       0  CODE        2
                text12                         000930  000017  000947      1260       0  CODE        2
                text3                          000947  000018  00095F      128E       0  CODE        2
                text33                         00095F  000019  000978      12BE       0  CODE        2
                text32                         000978  000019  000991      12F0       0  CODE        2
                text8                          000991  00001B  0009AC      1322       0  CODE        2
                text4                          0009AC  00001B  0009C7      1358       0  CODE        2
                text25                         0009C7  00001D  0009E4      138E       0  CODE        2
                text2                          0009E4  00001D  000A01      13C8       0  CODE        2
                text16                         000A01  00001E  000A1F      1402       0  CODE        2
                text17                         000A1F  00001F  000A3E      143E       0  CODE        2
                text37                         000A3E  000020  000A5E      147C       0  CODE        2
                text18                         000A5E  000026  000A84      14BC       0  CODE        2
                text39                         000A84  000030  000AB4      1508       0  CODE        2
                text7                          000AB4  000032  000AE6      1568       0  CODE        2
                text35                         000AE6  000039  000B1F      15CC       0  CODE        2
                text29                         000B1F  000039  000B58      163E       0  CODE        2
                text36                         000B58  00004C  000BA4      16B0       0  CODE        2
                text26                         000BA4  00004C  000BF0      1748       0  CODE        2
                text20                         000BF0  00004D  000C3D      17E0       0  CODE        2
                text11                         000C3D  00004D  000C8A      187A       0  CODE        2
                text31                         000C8A  00004E  000CD8      1914       0  CODE        2
                text22                         000CD8  000057  000D2F      19B0       0  CODE        2
                text30                         000D2F  000062  000D91      1A5E       0  CODE        2
                text9                          000D91  000062  000DF3      1B22       0  CODE        2
                text23                         000DF3  000063  000E56      1BE6       0  CODE        2
                text42                         000E56  000064  000EBA      1CAC       0  CODE        2
                text41                         000EBA  000068  000F22      1D74       0  CODE        2
                text6                          000F22  00006E  000F90      1E44       0  CODE        2
                text43                         000F90  000070  001000      1F20       0  CODE        2
                config                         008007  000002  008009     1000E       0  CONFIG      2


UNUSED ADDRESS RANGES

        Name                Unused          Largest block    Delta
        BANK1            000EF-000EF               1           1
        BANK10           00520-0056F              50           1
        BANK11           005A0-005EF              50           1
        BANK12           00620-0064F              30           1
        BANK3            001EF-001EF               1           1
        BANK4            00234-0026F              3C           1
        BANK5            002E0-002EF              10           1
        BANK6            00360-0036F              10           1
        BANK7            003A0-003EF              50           1
        BANK8            00420-0046F              50           1
        BANK9            004A0-004EF              50           1
        BIGRAM           02000-023EF             3F0           1
        CODE             00002-00003               2           2
                         007FF-007FF               1
                         00838-008E3              AC
                         01000-01FFF             800
        CONST            00002-00003               2           2
                         007FF-007FF               1
                         00838-008E3              AC
                         01000-01FFF             100
        ENTRY            00002-00003               2           2
                         007FF-007FF               1
                         00838-008E3              AC
                         01000-01FFF             100
        IDLOC            08000-08003               4           2
        RAM              000EF-000EF               1           1
                         001EF-001EF               1
                         00234-0026F              3C
                         002E0-002EF              10
                         00360-0036F              10
                         003A0-003EF              50
                         00420-0046F              50
                         004A0-004EF              50
                         00520-0056F              50
                         005A0-005EF              50
                         00620-0064F              30
        SFR0             00000-0001F              20           1
        SFR1             00080-0009F              20           1
        SFR10            00500-0051F              20           1
        SFR11            00580-0059F              20           1
        SFR12            00600-0061F              20           1
        SFR13            00680-006EF              70           1
        SFR14            00700-0076F              70           1
        SFR15            00780-007EF              70           1
        SFR16            00800-0086F              70           1
        SFR17            00880-008EF              70           1
        SFR18            00900-0096F              70           1
        SFR19            00980-009EF              70           1
        SFR2             00100-0011F              20           1
        SFR20            00A00-00A6F              70           1
        SFR21            00A80-00AEF              70           1
        SFR22            00B00-00B6F              70           1
        SFR23            00B80-00BEF              70           1
        SFR24            00C00-00C6F              70           1
        SFR25            00C80-00CEF              70           1
        SFR26            00D00-00D6F              70           1
        SFR27            00D80-00DEF              70           1
        SFR28            00E00-00E6F              70           1
        SFR29            00E80-00EEF              70           1
        SFR3             00180-0019F              20           1
        SFR30            00F00-00F6F              70           1
        SFR31            00F80-00FEF              70           1
        SFR4             00200-0021F              20           1
        SFR5             00280-0029F              20           1
        SFR6             00300-0031F              20           1
        SFR7             00380-0039F              20           1
        SFR8             00400-0041F              20           1
        SFR9             00480-0049F              20           1
        STACK            02220-0231F             100           1
        STRCODE          00002-00003               2           2
                         007FF-007FF               1
                         00838-008E3              AC
                         01000-01FFF            1000
        STRING           00002-00003               2           2
                         007FF-007FF               1
                         00838-008E3              AC
                         01000-01FFF             100

                                  Symbol Table

APP_DeviceCDCBasicDemoTasks@i              cstackBANK4  00233
APP_DeviceCDCBasicDemoTasks@numBytesRead   cstackBANK4  00232
APP_LEDUpdateUSBStatus@ledCount            bssBANK3     001C0
BUTTON_Enable@button                       cstackBANK2  00160
BUTTON_IsPressed@button                    cstackBANK2  00160
CDCTxService@byte_to_send                  cstackBANK2  0016D
CDCTxService@i                             cstackBANK2  0016C
LED_Enable@led                             cstackBANK2  00160
LED_Off@led                                cstackCOMMON 00070
LED_On@led                                 cstackCOMMON 00070
SYSTEM_Initialize@state                    cstackBANK2  00161
USBConfigureEndpoint@EPNum                 cstackCOMMON 00075
USBConfigureEndpoint@direction             cstackCOMMON 00070
USBConfigureEndpoint@handle                cstackCOMMON 00076
USBCtrlEPService@setup_cnt                 cstackBANK1  000E3
USBCtrlTrfInHandler@lastDTS                cstackCOMMON 00075
USBCtrlTrfRxService@byteToRead             cstackCOMMON 00075
USBCtrlTrfRxService@i                      cstackCOMMON 00074
USBCtrlTrfTxService@byteToSend             cstackCOMMON 00072
USBDeviceInit@i                            cstackBANK2  00165
USBDeviceInit@i_1189                       cstackBANK2  00164
USBDeviceInit@p                            cstackBANK2  00162
USBDeviceTasks@i                           cstackBANK1  000E6
USBEnableEndpoint@ep                       cstackCOMMON 0007C
USBEnableEndpoint@options                  cstackCOMMON 00077
USBEnableEndpoint@p                        cstackCOMMON 0007A
USBStdFeatureReqHandler@current_ep_data    cstackBANK0  0006C
USBStdFeatureReqHandler@p                  cstackBANK0  0006D
USBStdFeatureReqHandler@pUEP               cstackBANK0  0006A
USBStdGetStatusHandler@p                   cstackCOMMON 00071
USBStdSetCfgHandler@i                      cstackBANK0  0006C
USBStdSetCfgHandler@i_1530                 cstackBANK0  0006B
USBStdSetCfgHandler@p                      cstackBANK0  00069
USBTransferOnePacket@data                  cstackBANK2  00161
USBTransferOnePacket@dir                   cstackBANK2  00160
USBTransferOnePacket@ep                    cstackBANK2  00166
USBTransferOnePacket@handle                cstackBANK2  00167
USBTransferOnePacket@len                   cstackBANK2  00163
USER_USB_CALLBACK_EVENT_HANDLER@event      cstackBANK0  00062
USER_USB_CALLBACK_EVENT_HANDLER@pdata      cstackBANK0  00064
USER_USB_CALLBACK_EVENT_HANDLER@size       cstackBANK0  00066
_ADCON0                                    (abs)        0009D
_ADCON0bits                                (abs)        0009D
_ADCON1                                    (abs)        0009E
_ADCON2                                    (abs)        0009F
_ADRESH                                    (abs)        0009C
_ADRESL                                    (abs)        0009B
_ANSELBbits                                (abs)        0018D
_APP_DeviceCDCBasicDemoInitialize          text34       00907
_APP_DeviceCDCBasicDemoTasks               text6        00F22
_APP_LEDUpdateUSBStatus                    text31       00C8A
_BDT                                       (abs)        00020
_BUTTON_Enable                             text5        008EA
_BUTTON_IsPressed                          text12       00930
_BaudRateGen                               bssBANK3     001B0
_BothEP0OutUOWNsSet                        bssBANK3     001C6
_CDCDataInHandle                           bssBANK3     001C7
_CDCDataOutHandle                          bssBANK3     001C8
_CDCInitEP                                 text35       00AE6
_CDCTxService                              text10       00231
_CDCTxService$2119                         cstackBANK2  0016A
_CtrlTrfData                               (abs)        00058
_INTCONbits                                (abs)        0000B
_LATCbits                                  (abs)        0010E
_LED_Enable                                text4        009AC
_LED_Off                                   text33       0095F
_LED_On                                    text32       00978
_PIE2bits                                  (abs)        00092
_PIR2bits                                  (abs)        00012
_PORTAbits                                 (abs)        0000C
_RemoteWakeup                              bssBANK3     001C9
_SYSTEM_Initialize                         text3        00947
_SYS_InterruptHigh                         intentry     00004
_SetupPkt                                  (abs)        00050
_TRISBbits                                 (abs)        0008D
_TRISCbits                                 (abs)        0008E
_UADDR                                     (abs)        00E96
_UCFG                                      (abs)        00E91
_UCON                                      (abs)        00E8E
_UCONbits                                  (abs)        00E8E
_UEIE                                      (abs)        00E97
_UEIR                                      (abs)        00E93
_UEP0                                      (abs)        00E98
_UEP0bits                                  (abs)        00E98
_UEP1                                      (abs)        00E99
_UIE                                       (abs)        00E92
_UIEbits                                   (abs)        00E92
_UIR                                       (abs)        00E90
_UIRbits                                   (abs)        00E90
_USBActiveConfiguration                    bssBANK3     001ED
_USBAlternateInterface                     bssBANK3     001EB
_USBBusIsSuspended                         bssBANK3     001CA
_USBCheckCDCRequest                        text30       00D2F
_USBCheckStdRequest                        text23       00DF3
_USBConfigureEndpoint                      text38       007BC
_USBCtrlEPAllowDataStage                   text22       00CD8
_USBCtrlEPAllowStatusStage                 text41       00EBA
_USBCtrlEPService                          text19       0074B
_USBCtrlEPServiceComplete                  text21       0064D
_USBCtrlTrfInHandler                       text42       00E56
_USBCtrlTrfOutHandler                      text39       00A84
_USBCtrlTrfRxService                       text40       00523
_USBCtrlTrfSetupHandler                    text20       00BF0
_USBCtrlTrfTxService                       text43       00F90
_USBDeferINDataStagePackets                bssBANK3     001CB
_USBDeferOUTDataStagePackets               bssBANK3     001CC
_USBDeferStatusStagePacket                 bssBANK3     001CD
_USBDeviceAttach                           text2        009E4
_USBDeviceInit                             text1        003CC
_USBDeviceState                            bssBANK3     001CE
_USBDeviceTasks                            text14       00149
_USBEnableEndpoint                         text37       00A3E
_USBStallHandler                           text18       00A5E
_USBStatusStageEnabledFlag1                bssBANK3     001CF
_USBStatusStageEnabledFlag2                bssBANK3     001D0
_USBStatusStageTimeoutCounter              bssBANK3     001D1
_USBStdFeatureReqHandler                   text28       00040
_USBStdGetDscHandler                       text27       006D2
_USBStdGetStatusHandler                    text26       00BA4
_USBStdSetCfgHandler                       text24       005BC
_USBSuspend                                text17       00A1F
_USBTransferOnePacket                      text11       00C3D
_USBWakeFromSuspend                        text16       00A01
_USB_CD_Ptr                                strings      0030A
_USB_SD_Ptr                                strings      00307
_USER_USB_CALLBACK_EVENT_HANDLER           text29       00B1F
_USTAT                                     (abs)        00E8F
_USTATcopy                                 bssBANK3     001EE
__CFG_BOREN$OFF                            (abs)        00000
__CFG_BORV$LO                              (abs)        00000
__CFG_CLKOUTEN$OFF                         (abs)        00000
__CFG_CP$OFF                               (abs)        00000
__CFG_CPUDIV$NOCLKDIV                      (abs)        00000
__CFG_FCMEN$OFF                            (abs)        00000
__CFG_FOSC$HS                              (abs)        00000
__CFG_IESO$OFF                             (abs)        00000
__CFG_LPBOR$OFF                            (abs)        00000
__CFG_LVP$OFF                              (abs)        00000
__CFG_MCLRE$OFF                            (abs)        00000
__CFG_PLLEN$ENABLED                        (abs)        00000
__CFG_PLLMULT$4x                           (abs)        00000
__CFG_PWRTE$OFF                            (abs)        00000
__CFG_STVREN$ON                            (abs)        00000
__CFG_USBLSCLK$48MHz                       (abs)        00000
__CFG_WDTE$OFF                             (abs)        00000
__CFG_WRT$OFF                              (abs)        00000
__Habs1                                    abs1         00000
__Hbank0                                   bank0        00000
__Hbank1                                   bank1        00000
__Hbank10                                  bank10       00000
__Hbank11                                  bank11       00000
__Hbank12                                  bank12       00000
__Hbank13                                  bank13       00000
__Hbank14                                  bank14       00000
__Hbank15                                  bank15       00000
__Hbank16                                  bank16       00000
__Hbank17                                  bank17       00000
__Hbank18                                  bank18       00000
__Hbank19                                  bank19       00000
__Hbank2                                   bank2        00000
__Hbank20                                  bank20       00000
__Hbank21                                  bank21       00000
__Hbank22                                  bank22       00000
__Hbank23                                  bank23       00000
__Hbank24                                  bank24       00000
__Hbank25                                  bank25       00000
__Hbank26                                  bank26       00000
__Hbank27                                  bank27       00000
__Hbank28                                  bank28       00000
__Hbank29                                  bank29       00000
__Hbank3                                   bank3        00000
__Hbank30                                  bank30       00000
__Hbank31                                  bank31       00000
__Hbank4                                   bank4        00000
__Hbank5                                   bank5        00000
__Hbank6                                   bank6        00000
__Hbank7                                   bank7        00000
__Hbank8                                   bank8        00000
__Hbank9                                   bank9        00000
__Hbigram                                  bigram       00000
__HbssBANK1                                bssBANK1     00000
__HbssBANK3                                bssBANK3     00000
__HbssBANK5                                bssBANK5     00000
__HbssBANK6                                bssBANK6     00000
__Hcinit                                   cinit        00040
__Hclrtext                                 clrtext      00000
__Hcode                                    code         00000
__Hcommon                                  common       00000
__Hconfig                                  config       08009
__HcstackBANK0                             cstackBANK0  00000
__HcstackBANK1                             cstackBANK1  00000
__HcstackBANK2                             cstackBANK2  00000
__HcstackBANK4                             cstackBANK4  00000
__HcstackCOMMON                            cstackCOMMON 00000
__HdataBANK4                               dataBANK4    00000
__Heeprom_data                             eeprom_data  00000
__Hend_init                                end_init     00012
__Hfunctab                                 functab      00000
__HidataBANK4                              idataBANK4   00000
__Hidloc                                   idloc        00000
__Hinit                                    init         00010
__Hinittext                                inittext     00000
__Hintentry                                intentry     00010
__Hmaintext                                maintext     00000
__Hpowerup                                 powerup      00000
__Hram                                     ram          00000
__Hreset_vec                               reset_vec    00002
__Hsfr0                                    sfr0         00000
__Hsfr1                                    sfr1         00000
__Hsfr10                                   sfr10        00000
__Hsfr11                                   sfr11        00000
__Hsfr12                                   sfr12        00000
__Hsfr13                                   sfr13        00000
__Hsfr14                                   sfr14        00000
__Hsfr15                                   sfr15        00000
__Hsfr16                                   sfr16        00000
__Hsfr17                                   sfr17        00000
__Hsfr18                                   sfr18        00000
__Hsfr19                                   sfr19        00000
__Hsfr2                                    sfr2         00000
__Hsfr20                                   sfr20        00000
__Hsfr21                                   sfr21        00000
__Hsfr22                                   sfr22        00000
__Hsfr23                                   sfr23        00000
__Hsfr24                                   sfr24        00000
__Hsfr25                                   sfr25        00000
__Hsfr26                                   sfr26        00000
__Hsfr27                                   sfr27        00000
__Hsfr28                                   sfr28        00000
__Hsfr29                                   sfr29        00000
__Hsfr3                                    sfr3         00000
__Hsfr30                                   sfr30        00000
__Hsfr31                                   sfr31        00000
__Hsfr4                                    sfr4         00000
__Hsfr5                                    sfr5         00000
__Hsfr6                                    sfr6         00000
__Hsfr7                                    sfr7         00000
__Hsfr8                                    sfr8         00000
__Hsfr9                                    sfr9         00000
__Hstack                                   stack        00000
__Hstrings                                 strings      00000
__Htext                                    text         00000
__Labs1                                    abs1         00000
__Lbank0                                   bank0        00000
__Lbank1                                   bank1        00000
__Lbank10                                  bank10       00000
__Lbank11                                  bank11       00000
__Lbank12                                  bank12       00000
__Lbank13                                  bank13       00000
__Lbank14                                  bank14       00000
__Lbank15                                  bank15       00000
__Lbank16                                  bank16       00000
__Lbank17                                  bank17       00000
__Lbank18                                  bank18       00000
__Lbank19                                  bank19       00000
__Lbank2                                   bank2        00000
__Lbank20                                  bank20       00000
__Lbank21                                  bank21       00000
__Lbank22                                  bank22       00000
__Lbank23                                  bank23       00000
__Lbank24                                  bank24       00000
__Lbank25                                  bank25       00000
__Lbank26                                  bank26       00000
__Lbank27                                  bank27       00000
__Lbank28                                  bank28       00000
__Lbank29                                  bank29       00000
__Lbank3                                   bank3        00000
__Lbank30                                  bank30       00000
__Lbank31                                  bank31       00000
__Lbank4                                   bank4        00000
__Lbank5                                   bank5        00000
__Lbank6                                   bank6        00000
__Lbank7                                   bank7        00000
__Lbank8                                   bank8        00000
__Lbank9                                   bank9        00000
__Lbigram                                  bigram       00000
__LbssBANK1                                bssBANK1     00000
__LbssBANK3                                bssBANK3     00000
__LbssBANK5                                bssBANK5     00000
__LbssBANK6                                bssBANK6     00000
__Lcinit                                   cinit        00012
__Lclrtext                                 clrtext      00000
__Lcode                                    code         00000
__Lcommon                                  common       00000
__Lconfig                                  config       08007
__LcstackBANK0                             cstackBANK0  00000
__LcstackBANK1                             cstackBANK1  00000
__LcstackBANK2                             cstackBANK2  00000
__LcstackBANK4                             cstackBANK4  00000
__LcstackCOMMON                            cstackCOMMON 00000
__LdataBANK4                               dataBANK4    00000
__Leeprom_data                             eeprom_data  00000
__Lend_init                                end_init     00010
__Lfunctab                                 functab      00000
__LidataBANK4                              idataBANK4   00000
__Lidloc                                   idloc        00000
__Linit                                    init         00010
__Linittext                                inittext     00000
__Lintentry                                intentry     00004
__Lmaintext                                maintext     00000
__Lpowerup                                 powerup      00000
__Lram                                     ram          00000
__Lreset_vec                               reset_vec    00000
__Lsfr0                                    sfr0         00000
__Lsfr1                                    sfr1         00000
__Lsfr10                                   sfr10        00000
__Lsfr11                                   sfr11        00000
__Lsfr12                                   sfr12        00000
__Lsfr13                                   sfr13        00000
__Lsfr14                                   sfr14        00000
__Lsfr15                                   sfr15        00000
__Lsfr16                                   sfr16        00000
__Lsfr17                                   sfr17        00000
__Lsfr18                                   sfr18        00000
__Lsfr19                                   sfr19        00000
__Lsfr2                                    sfr2         00000
__Lsfr20                                   sfr20        00000
__Lsfr21                                   sfr21        00000
__Lsfr22                                   sfr22        00000
__Lsfr23                                   sfr23        00000
__Lsfr24                                   sfr24        00000
__Lsfr25                                   sfr25        00000
__Lsfr26                                   sfr26        00000
__Lsfr27                                   sfr27        00000
__Lsfr28                                   sfr28        00000
__Lsfr29                                   sfr29        00000
__Lsfr3                                    sfr3         00000
__Lsfr30                                   sfr30        00000
__Lsfr31                                   sfr31        00000
__Lsfr4                                    sfr4         00000
__Lsfr5                                    sfr5         00000
__Lsfr6                                    sfr6         00000
__Lsfr7                                    sfr7         00000
__Lsfr8                                    sfr8         00000
__Lsfr9                                    sfr9         00000
__Lstack                                   stack        00000
__Lstrings                                 strings      00000
__Ltext                                    text         00000
__S0                                       (abs)        08009
__S1                                       (abs)        00360
__S2                                       (abs)        00000
___int_sp                                  stack        00000
___latbits                                 (abs)        00002
___sp                                      stack        00000
__end_of_APP_DeviceCDCBasicDemoInitialize  text34       0091A
__end_of_APP_DeviceCDCBasicDemoTasks       text6        00F90
__end_of_APP_LEDUpdateUSBStatus            text31       00CD8
__end_of_BUTTON_Enable                     text5        008F5
__end_of_BUTTON_IsPressed                  text12       00947
__end_of_CDCInitEP                         text35       00B1F
__end_of_CDCTxService                      text10       00306
__end_of_LED_Enable                        text4        009C7
__end_of_LED_Off                           text33       00978
__end_of_LED_On                            text32       00991
__end_of_SYSTEM_Initialize                 text3        0095F
__end_of_SYS_InterruptHigh                 intentry     00010
__end_of_USBCheckCDCRequest                text30       00D91
__end_of_USBCheckStdRequest                text23       00E56
__end_of_USBConfigureEndpoint              text38       007F9
__end_of_USBCtrlEPAllowDataStage           text22       00D2F
__end_of_USBCtrlEPAllowStatusStage         text41       00F22
__end_of_USBCtrlEPService                  text19       007BC
__end_of_USBCtrlEPServiceComplete          text21       006D2
__end_of_USBCtrlTrfInHandler               text42       00EBA
__end_of_USBCtrlTrfOutHandler              text39       00AB4
__end_of_USBCtrlTrfRxService               text40       005BC
__end_of_USBCtrlTrfSetupHandler            text20       00C3D
__end_of_USBCtrlTrfTxService               text43       01000
__end_of_USBDeviceAttach                   text2        00A01
__end_of_USBDeviceInit                     text1        0047E
__end_of_USBDeviceTasks                    text14       00231
__end_of_USBEnableEndpoint                 text37       00A5E
__end_of_USBStallHandler                   text18       00A84
__end_of_USBStdFeatureReqHandler           text28       00149
__end_of_USBStdGetDscHandler               text27       0074B
__end_of_USBStdGetStatusHandler            text26       00BF0
__end_of_USBStdSetCfgHandler               text24       0064D
__end_of_USBSuspend                        text17       00A3E
__end_of_USBTransferOnePacket              text11       00C8A
__end_of_USBWakeFromSuspend                text16       00A1F
__end_of_USB_CD_Ptr                        strings      0030B
__end_of_USB_SD_Ptr                        strings      0030A
__end_of_USER_USB_CALLBACK_EVENT_HANDLER   text29       00B58
__end_of__initialization                   cinit        0003D
__end_of__stringtab                        strings      00307
__end_of_configDescriptor1                 strings      0034E
__end_of_device_dsc                        strings      003C8
__end_of_getsUSBUSART                      text9        00DF3
__end_of_main                              maintext     00930
__end_of_memset                            text25       009E4
__end_of_putUSBUSART                       text8        009AC
__end_of_putrsUSBUSART                     text7        00AE6
__end_of_sd000                             strings      003CC
__end_of_sd001                             strings      00382
__end_of_sd002                             strings      003B6
__end_ofi1_USBDeviceInit                   text15       00523
__end_ofi1_USBTransferOnePacket            text36       00BA4
__initialization                           cinit        00012
__pbssBANK1                                bssBANK1     000E8
__pbssBANK3                                bssBANK3     001A0
__pbssBANK5                                bssBANK5     002A0
__pbssBANK6                                bssBANK6     00320
__pcstackBANK0                             cstackBANK0  00060
__pcstackBANK1                             cstackBANK1  000E0
__pcstackBANK2                             cstackBANK2  00160
__pcstackBANK4                             cstackBANK4  00232
__pcstackCOMMON                            cstackCOMMON 00070
__pdataBANK4                               dataBANK4    00220
__pidataBANK4                              idataBANK4   008F5
__pintentry                                intentry     00004
__pmaintext                                maintext     0091A
__pstrings                                 strings      00306
__pswtext1                                 swtext1      0081A
__pswtext2                                 swtext2      00800
__pswtext3                                 swtext3      00824
__pswtext4                                 swtext4      0082E
__ptext1                                   text1        003CC
__ptext10                                  text10       00231
__ptext11                                  text11       00C3D
__ptext12                                  text12       00930
__ptext14                                  text14       00149
__ptext15                                  text15       0047E
__ptext16                                  text16       00A01
__ptext17                                  text17       00A1F
__ptext18                                  text18       00A5E
__ptext19                                  text19       0074B
__ptext2                                   text2        009E4
__ptext20                                  text20       00BF0
__ptext21                                  text21       0064D
__ptext22                                  text22       00CD8
__ptext23                                  text23       00DF3
__ptext24                                  text24       005BC
__ptext25                                  text25       009C7
__ptext26                                  text26       00BA4
__ptext27                                  text27       006D2
__ptext28                                  text28       00040
__ptext29                                  text29       00B1F
__ptext3                                   text3        00947
__ptext30                                  text30       00D2F
__ptext31                                  text31       00C8A
__ptext32                                  text32       00978
__ptext33                                  text33       0095F
__ptext34                                  text34       00907
__ptext35                                  text35       00AE6
__ptext36                                  text36       00B58
__ptext37                                  text37       00A3E
__ptext38                                  text38       007BC
__ptext39                                  text39       00A84
__ptext4                                   text4        009AC
__ptext40                                  text40       00523
__ptext41                                  text41       00EBA
__ptext42                                  text42       00E56
__ptext43                                  text43       00F90
__ptext5                                   text5        008EA
__ptext6                                   text6        00F22
__ptext7                                   text7        00AB4
__ptext8                                   text8        00991
__ptext9                                   text9        00D91
__size_of_APP_DeviceCDCBasicDemoInitialize (abs)        00000
__size_of_APP_DeviceCDCBasicDemoTasks      (abs)        00000
__size_of_APP_LEDUpdateUSBStatus           (abs)        00000
__size_of_BUTTON_Enable                    (abs)        00000
__size_of_BUTTON_IsPressed                 (abs)        00000
__size_of_CDCInitEP                        (abs)        00000
__size_of_CDCTxService                     (abs)        00000
__size_of_LED_Enable                       (abs)        00000
__size_of_LED_Off                          (abs)        00000
__size_of_LED_On                           (abs)        00000
__size_of_SYSTEM_Initialize                (abs)        00000
__size_of_SYS_InterruptHigh                (abs)        00000
__size_of_USBCheckCDCRequest               (abs)        00000
__size_of_USBCheckStdRequest               (abs)        00000
__size_of_USBConfigureEndpoint             (abs)        00000
__size_of_USBCtrlEPAllowDataStage          (abs)        00000
__size_of_USBCtrlEPAllowStatusStage        (abs)        00000
__size_of_USBCtrlEPService                 (abs)        00000
__size_of_USBCtrlEPServiceComplete         (abs)        00000
__size_of_USBCtrlTrfInHandler              (abs)        00000
__size_of_USBCtrlTrfOutHandler             (abs)        00000
__size_of_USBCtrlTrfRxService              (abs)        00000
__size_of_USBCtrlTrfSetupHandler           (abs)        00000
__size_of_USBCtrlTrfTxService              (abs)        00000
__size_of_USBDeviceAttach                  (abs)        00000
__size_of_USBDeviceInit                    (abs)        00000
__size_of_USBDeviceTasks                   (abs)        00000
__size_of_USBEnableEndpoint                (abs)        00000
__size_of_USBStallHandler                  (abs)        00000
__size_of_USBStdFeatureReqHandler          (abs)        00000
__size_of_USBStdGetDscHandler              (abs)        00000
__size_of_USBStdGetStatusHandler           (abs)        00000
__size_of_USBStdSetCfgHandler              (abs)        00000
__size_of_USBSuspend                       (abs)        00000
__size_of_USBTransferOnePacket             (abs)        00000
__size_of_USBWakeFromSuspend               (abs)        00000
__size_of_USER_USB_CALLBACK_EVENT_HANDLER  (abs)        00000
__size_of_getsUSBUSART                     (abs)        00000
__size_of_main                             (abs)        00000
__size_of_memset                           (abs)        00000
__size_of_putUSBUSART                      (abs)        00000
__size_of_putrsUSBUSART                    (abs)        00000
__size_ofi1_USBDeviceInit                  (abs)        00000
__size_ofi1_USBTransferOnePacket           (abs)        00000
__stringtab                                strings      00306
_buttonMessage                             dataBANK4    00220
_buttonPressed                             bssBANK3     001D2
_cdc_data_rx                               (abs)        00120
_cdc_data_tx                               (abs)        000A0
_cdc_mem_type                              bssBANK3     001D3
_cdc_notice                                bssBANK3     001A0
_cdc_rx_len                                bssBANK3     001D4
_cdc_trf_state                             bssBANK3     001D5
_cdc_tx_len                                bssBANK3     001D6
_configDescriptor1                         strings      0030B
_controlTransferState                      bssBANK3     001D7
_control_signal_bitmap                     bssBANK3     001D8
_device_dsc                                strings      003B6
_dummy_encapsulated_cmd_response           bssBANK3     001DC
_endpoint_number                           bssBANK3     001D9
_ep_data_in                                bssBANK3     001B4
_ep_data_out                               bssBANK3     001B7
_getsUSBUSART                              text9        00D91
_getsUSBUSART$2071                         cstackBANK2  0016C
_inPipes                                   bssBANK1     000EA
_line_coding                               bssBANK3     001E4
_main                                      maintext     0091A
_memset                                    text25       009C7
_outPipes                                  bssBANK3     001AA
_pBDTEntryEP0OutCurrent                    bssBANK1     000E8
_pBDTEntryEP0OutNext                       bssBANK1     000E9
_pBDTEntryIn                               bssBANK3     001BA
_pBDTEntryOut                              bssBANK3     001BD
_pCDCDst                                   bssBANK3     001C2
_pCDCSrc                                   bssBANK3     001C4
_pDst                                      bssBANK3     001DA
_putUSBUSART                               text8        00991
_putrsUSBUSART                             text7        00AB4
_readBuffer                                bssBANK5     002A0
_sd000                                     strings      003C8
_sd001                                     strings      0034E
_sd002                                     strings      00382
_shortPacketStatus                         bssBANK3     001DB
_writeBuffer                               bssBANK6     00320
btemp                                      (abs)        0007E
clear_ram0                                 clrtext      007F9
end_of_initialization                      cinit        0003D
getsUSBUSART@buffer                        cstackBANK2  0016B
getsUSBUSART@len                           cstackBANK2  00168
i1USBDeviceInit@i                          cstackCOMMON 00075
i1USBDeviceInit@i_1189                     cstackCOMMON 00074
i1USBDeviceInit@p                          cstackCOMMON 00072
i1USBTransferOnePacket@data                cstackCOMMON 00071
i1USBTransferOnePacket@dir                 cstackCOMMON 00070
i1USBTransferOnePacket@ep                  cstackCOMMON 00076
i1USBTransferOnePacket@handle              cstackCOMMON 00077
i1USBTransferOnePacket@len                 cstackCOMMON 00073
i1_USBDeviceInit                           text15       0047E
i1_USBTransferOnePacket                    text36       00B58
init_ram                                   inittext     008E4
intlevel0                                  functab      00000
intlevel1                                  functab      00000
intlevel2                                  functab      00000
intlevel3                                  functab      00000
intlevel4                                  functab      00000
intlevel5                                  functab      00000
ltemp                                      (abs)        0007E
ltemp0                                     (abs)        0007E
ltemp1                                     (abs)        00082
ltemp2                                     (abs)        00086
ltemp3                                     (abs)        00080
memset@c                                   cstackCOMMON 00072
memset@n                                   cstackCOMMON 00074
memset@p                                   cstackCOMMON 00076
memset@p1                                  cstackCOMMON 00070
putUSBUSART@data                           cstackBANK2  00162
putUSBUSART@length                         cstackBANK2  00160
putrsUSBUSART@data                         cstackBANK2  00162
putrsUSBUSART@len                          cstackBANK2  00163
putrsUSBUSART@pData                        cstackBANK2  00161
reset_vec                                  reset_vec    00000
stackhi                                    (abs)        0231F
stacklo                                    (abs)        02220
start                                      init         00010
start_initialization                       cinit        00012
ttemp                                      (abs)        0007E
ttemp0                                     (abs)        0007E
ttemp1                                     (abs)        00081
ttemp2                                     (abs)        00084
ttemp3                                     (abs)        00087
ttemp4                                     (abs)        0007F
wtemp                                      (abs)        0007E
wtemp0                                     (abs)        0007E
wtemp1                                     (abs)        00080
wtemp2                                     (abs)        00082
wtemp3                                     (abs)        00084
wtemp4                                     (abs)        00086
wtemp5                                     (abs)        00088
wtemp6                                     (abs)        0007F


FUNCTION INFORMATION:

 *************** function _main *****************
 Defined at:
		line 49 in file "../src/main.c"
 Parameters:    Size  Location     Type
		None
 Auto vars:     Size  Location     Type
		None
 Return value:  Size  Location     Type
		None               void
 Registers used:
		wreg, fsr0l, fsr0h, fsr1l, fsr1h, status,2, status,0, pclath, cstack
 Tracked objects:
		On entry : 
		On exit  : 
		Unchanged: 
 Data sizes:     COMMON   BANK0   BANK1   BANK2   BANK3   BANK4   BANK5   BANK6   BANK7   BANK8   BANK9  BANK10  BANK11  BANK12
      Params:         0       0       0       0       0       0       0       0       0       0       0       0       0       0
      Locals:         0       0       0       0       0       0       0       0       0       0       0       0       0       0
      Temps:          0       0       0       0       0       0       0       0       0       0       0       0       0       0
      Totals:         0       0       0       0       0       0       0       0       0       0       0       0       0       0
Total ram usage:        0 bytes
 Hardware stack levels required when called:   14
 This function calls:
		_APP_DeviceCDCBasicDemoTasks
		_SYSTEM_Initialize
		_USBDeviceAttach
		_USBDeviceInit
 This function is called by:
		Startup code after reset
 This function uses a non-reentrant model


 *************** function _USBDeviceInit *****************
 Defined at:
		line 292 in file "../../../../../../framework/usb/src/usb_device.c"
 Parameters:    Size  Location     Type
		None
 Auto vars:     Size  Location     Type
  p               2    2[BANK2 ] PTR unsigned char 
		 -> UEP1(1), 
  i               1    4[BANK2 ] unsigned char 
  i               1    5[BANK2 ] unsigned char 
 Return value:  Size  Location     Type
		None               void
 Registers used:
		wreg, fsr1l, fsr1h, status,2, status,0
 Tracked objects:
		On entry : 
		On exit  : 
		Unchanged: 
 Data sizes:     COMMON   BANK0   BANK1   BANK2   BANK3   BANK4   BANK5   BANK6   BANK7   BANK8   BANK9  BANK10  BANK11  BANK12
      Params:         0       0       0       0       0       0       0       0       0       0       0       0       0       0
      Locals:         0       0       0       4       0       0       0       0       0       0       0       0       0       0
      Temps:          0       0       0       2       0       0       0       0       0       0       0       0       0       0
      Totals:         0       0       0       6       0       0       0       0       0       0       0       0       0       0
Total ram usage:        6 bytes
 Hardware stack levels used:    1
 Hardware stack levels required when called:   11
 This function calls:
		Nothing
 This function is called by:
		_main
 This function uses a non-reentrant model


 *************** function _USBDeviceAttach *****************
 Defined at:
		line 1346 in file "../../../../../../framework/usb/src/usb_device.c"
 Parameters:    Size  Location     Type
		None
 Auto vars:     Size  Location     Type
		None
 Return value:  Size  Location     Type
		None               void
 Registers used:
		wreg, status,2, status,0
 Tracked objects:
		On entry : 
		On exit  : 
		Unchanged: 
 Data sizes:     COMMON   BANK0   BANK1   BANK2   BANK3   BANK4   BANK5   BANK6   BANK7   BANK8   BANK9  BANK10  BANK11  BANK12
      Params:         0       0       0       0       0       0       0       0       0       0       0       0       0       0
      Locals:         0       0       0       0       0       0       0       0       0       0       0       0       0       0
      Temps:          0       0       0       1       0       0       0       0       0       0       0       0       0       0
      Totals:         0       0       0       1       0       0       0       0       0       0       0       0       0       0
Total ram usage:        1 bytes
 Hardware stack levels used:    1
 Hardware stack levels required when called:   11
 This function calls:
		Nothing
 This function is called by:
		_main
 This function uses a non-reentrant model


 *************** function _SYSTEM_Initialize *****************
 Defined at:
		line 88 in file "../src/system_config/low_pin_count_usb_development_kit/pic16f1459/system.c"
 Parameters:    Size  Location     Type
  state           1    wreg     enum E2639
 Auto vars:     Size  Location     Type
  state           1    1[BANK2 ] enum E2639
 Return value:  Size  Location     Type
		None               void
 Registers used:
		wreg, fsr0l, fsr0h, status,2, status,0, pclath, cstack
 Tracked objects:
		On entry : 
		On exit  : 
		Unchanged: 
 Data sizes:     COMMON   BANK0   BANK1   BANK2   BANK3   BANK4   BANK5   BANK6   BANK7   BANK8   BANK9  BANK10  BANK11  BANK12
      Params:         0       0       0       0       0       0       0       0       0       0       0       0       0       0
      Locals:         0       0       0       1       0       0       0       0       0       0       0       0       0       0
      Temps:          0       0       0       0       0       0       0       0       0       0       0       0       0       0
      Totals:         0       0       0       1       0       0       0       0       0       0       0       0       0       0
Total ram usage:        1 bytes
 Hardware stack levels used:    1
 Hardware stack levels required when called:   12
 This function calls:
		_BUTTON_Enable
		_LED_Enable
 This function is called by:
		_main
 This function uses a non-reentrant model


 *************** function _LED_Enable *****************
 Defined at:
		line 220 in file "../../../../../../bsp/low_pin_count_usb_development_kit/pic16f1459/leds.c"
 Parameters:    Size  Location     Type
  led             1    wreg     enum E2
 Auto vars:     Size  Location     Type
  led             1    0[BANK2 ] enum E2
 Return value:  Size  Location     Type
		None               void
 Registers used:
		wreg, fsr0l, fsr0h, status,2, status,0
 Tracked objects:
		On entry : 
		On exit  : 
		Unchanged: 
 Data sizes:     COMMON   BANK0   BANK1   BANK2   BANK3   BANK4   BANK5   BANK6   BANK7   BANK8   BANK9  BANK10  BANK11  BANK12
      Params:         0       0       0       0       0       0       0       0       0       0       0       0       0       0
      Locals:         0       0       0       1       0       0       0       0       0       0       0       0       0       0
      Temps:          0       0       0       0       0       0       0       0       0       0       0       0       0       0
      Totals:         0       0       0       1       0       0       0       0       0       0       0       0       0       0
Total ram usage:        1 bytes
 Hardware stack levels used:    1
 Hardware stack levels required when called:   11
 This function calls:
		Nothing
 This function is called by:
		_SYSTEM_Initialize
 This function uses a non-reentrant model


 *************** function _BUTTON_Enable *****************
 Defined at:
		line 85 in file "../../../../../../bsp/low_pin_count_usb_development_kit/pic16f1459/buttons.c"
 Parameters:    Size  Location     Type
  button          1    wreg     enum E2608
 Auto vars:     Size  Location     Type
  button          1    0[BANK2 ] enum E2608
 Return value:  Size  Location     Type
		None               void
 Registers used:
		wreg, fsr0l, fsr0h, status,2, status,0
 Tracked objects:
		On entry : 
		On exit  : 
		Unchanged: 
 Data sizes:     COMMON   BANK0   BANK1   BANK2   BANK3   BANK4   BANK5   BANK6   BANK7   BANK8   BANK9  BANK10  BANK11  BANK12
      Params:         0       0       0       0       0       0       0       0       0       0       0       0       0       0
      Locals:         0       0       0       1       0       0       0       0       0       0       0       0       0       0
      Temps:          0       0       0       0       0       0       0       0       0       0       0       0       0       0
      Totals:         0       0       0       1       0       0       0       0       0       0       0       0       0       0
Total ram usage:        1 bytes
 Hardware stack levels used:    1
 Hardware stack levels required when called:   11
 This function calls:
		Nothing
 This function is called by:
		_SYSTEM_Initialize
 This function uses a non-reentrant model


 *************** function _APP_DeviceCDCBasicDemoTasks *****************
 Defined at:
		line 82 in file "../src/app_device_cdc_basic.c"
 Parameters:    Size  Location     Type
		None
 Auto vars:     Size  Location     Type
  i               1    1[BANK4 ] unsigned char 
  numBytesRead    1    0[BANK4 ] unsigned char 
 Return value:  Size  Location     Type
		None               void
 Registers used:
		wreg, fsr0l, fsr0h, fsr1l, fsr1h, status,2, status,0, pclath, cstack
 Tracked objects:
		On entry : 
		On exit  : 
		Unchanged: 
 Data sizes:     COMMON   BANK0   BANK1   BANK2   BANK3   BANK4   BANK5   BANK6   BANK7   BANK8   BANK9  BANK10  BANK11  BANK12
      Params:         0       0       0       0       0       0       0       0       0       0       0       0       0       0
      Locals:         0       0       0       0       0       2       0       0       0       0       0       0       0       0
      Temps:          0       0       0       2       0       0       0       0       0       0       0       0       0       0
      Totals:         0       0       0       2       0       2       0       0       0       0       0       0       0       0
Total ram usage:        4 bytes
 Hardware stack levels used:    1
 Hardware stack levels required when called:   13
 This function calls:
		_BUTTON_IsPressed
		_CDCTxService
		_getsUSBUSART
		_putUSBUSART
		_putrsUSBUSART
 This function is called by:
		_main
 This function uses a non-reentrant model


 *************** function _putrsUSBUSART *****************
 Defined at:
		line 783 in file "../../../../../../framework/usb/src/usb_device_cdc.c"
 Parameters:    Size  Location     Type
  data            1    wreg     PTR const unsigned char 
		 -> buttonMessage(18), 
 Auto vars:     Size  Location     Type
  data            1    2[BANK2 ] PTR const unsigned char 
		 -> buttonMessage(18), 
  len             1    3[BANK2 ] unsigned char 
  pData           1    1[BANK2 ] PTR const unsigned char 
		 -> buttonMessage(18), 
 Return value:  Size  Location     Type
		None               void
 Registers used:
		wreg, fsr1l, fsr1h, status,2, status,0
 Tracked objects:
		On entry : 
		On exit  : 
		Unchanged: 
 Data sizes:     COMMON   BANK0   BANK1   BANK2   BANK3   BANK4   BANK5   BANK6   BANK7   BANK8   BANK9  BANK10  BANK11  BANK12
      Params:         0       0       0       0       0       0       0       0       0       0       0       0       0       0
      Locals:         0       0       0       3       0       0       0       0       0       0       0       0       0       0
      Temps:          0       0       0       1       0       0       0       0       0       0       0       0       0       0
      Totals:         0       0       0       4       0       0       0       0       0       0       0       0       0       0
Total ram usage:        4 bytes
 Hardware stack levels used:    1
 Hardware stack levels required when called:   11
 This function calls:
		Nothing
 This function is called by:
		_APP_DeviceCDCBasicDemoTasks
 This function uses a non-reentrant model


 *************** function _putUSBUSART *****************
 Defined at:
		line 613 in file "../../../../../../framework/usb/src/usb_device_cdc.c"
 Parameters:    Size  Location     Type
  data            1    wreg     PTR unsigned char 
		 -> writeBuffer(64), 
  length          1    0[BANK2 ] unsigned char 
 Auto vars:     Size  Location     Type
  data            1    2[BANK2 ] PTR unsigned char 
		 -> writeBuffer(64), 
 Return value:  Size  Location     Type
		None               void
 Registers used:
		wreg, status,2, status,0
 Tracked objects:
		On entry : 
		On exit  : 
		Unchanged: 
 Data sizes:     COMMON   BANK0   BANK1   BANK2   BANK3   BANK4   BANK5   BANK6   BANK7   BANK8   BANK9  BANK10  BANK11  BANK12
      Params:         0       0       0       1       0       0       0       0       0       0       0       0       0       0
      Locals:         0       0       0       1       0       0       0       0       0       0       0       0       0       0
      Temps:          0       0       0       1       0       0       0       0       0       0       0       0       0       0
      Totals:         0       0       0       3       0       0       0       0       0       0       0       0       0       0
Total ram usage:        3 bytes
 Hardware stack levels used:    1
 Hardware stack levels required when called:   11
 This function calls:
		Nothing
 This function is called by:
		_APP_DeviceCDCBasicDemoTasks
 This function uses a non-reentrant model


 *************** function _getsUSBUSART *****************
 Defined at:
		line 542 in file "../../../../../../framework/usb/src/usb_device_cdc.c"
 Parameters:    Size  Location     Type
  buffer          1    wreg     PTR unsigned char 
		 -> readBuffer(64), 
  len             1    8[BANK2 ] unsigned char 
 Auto vars:     Size  Location     Type
  buffer          1   11[BANK2 ] PTR unsigned char 
		 -> readBuffer(64), 
 Return value:  Size  Location     Type
                  1    wreg      unsigned char 
 Registers used:
		wreg, fsr1l, fsr1h, status,2, status,0, pclath, cstack
 Tracked objects:
		On entry : 
		On exit  : 
		Unchanged: 
 Data sizes:     COMMON   BANK0   BANK1   BANK2   BANK3   BANK4   BANK5   BANK6   BANK7   BANK8   BANK9  BANK10  BANK11  BANK12
      Params:         0       0       0       1       0       0       0       0       0       0       0       0       0       0
      Locals:         0       0       0       3       0       0       0       0       0       0       0       0       0       0
      Temps:          0       0       0       2       0       0       0       0       0       0       0       0       0       0
      Totals:         0       0       0       6       0       0       0       0       0       0       0       0       0       0
Total ram usage:        6 bytes
 Hardware stack levels used:    1
 Hardware stack levels required when called:   12
 This function calls:
		_USBTransferOnePacket
 This function is called by:
		_APP_DeviceCDCBasicDemoTasks
 This function uses a non-reentrant model


 *************** function _CDCTxService *****************
 Defined at:
		line 893 in file "../../../../../../framework/usb/src/usb_device_cdc.c"
 Parameters:    Size  Location     Type
		None
 Auto vars:     Size  Location     Type
  byte_to_send    1   13[BANK2 ] unsigned char 
  i               1   12[BANK2 ] unsigned char 
 Return value:  Size  Location     Type
		None               void
 Registers used:
		wreg, fsr1l, fsr1h, status,2, status,0, pclath, cstack
 Tracked objects:
		On entry : 
		On exit  : 
		Unchanged: 
 Data sizes:     COMMON   BANK0   BANK1   BANK2   BANK3   BANK4   BANK5   BANK6   BANK7   BANK8   BANK9  BANK10  BANK11  BANK12
      Params:         0       0       0       0       0       0       0       0       0       0       0       0       0       0
      Locals:         0       0       0       4       0       0       0       0       0       0       0       0       0       0
      Temps:          0       0       0       2       0       0       0       0       0       0       0       0       0       0
      Totals:         0       0       0       6       0       0       0       0       0       0       0       0       0       0
Total ram usage:        6 bytes
 Hardware stack levels used:    1
 Hardware stack levels required when called:   12
 This function calls:
		_USBTransferOnePacket
 This function is called by:
		_APP_DeviceCDCBasicDemoTasks
 This function uses a non-reentrant model


 *************** function _USBTransferOnePacket *****************
 Defined at:
		line 989 in file "../../../../../../framework/usb/src/usb_device.c"
 Parameters:    Size  Location     Type
  ep              1    wreg     unsigned char 
[...]
      Params:         0       0       0       0       0       0       0       0       0       0       0       0       0       0
      Locals:         1       0       0       0       0       0       0       0       0       0       0       0       0       0
      Temps:          0       0       0       0       0       0       0       0       0       0       0       0       0       0
      Totals:         1       0       0       0       0       0       0       0       0       0       0       0       0       0
Total ram usage:        1 bytes
 Hardware stack levels used:    1
 This function calls:
		Nothing
 This function is called by:
		_APP_LEDUpdateUSBStatus
 This function uses a non-reentrant model


 *************** function _LED_Off *****************
 Defined at:
		line 100 in file "../../../../../../bsp/low_pin_count_usb_development_kit/pic16f1459/leds.c"
 Parameters:    Size  Location     Type
  led             1    wreg     enum E2
 Auto vars:     Size  Location     Type
  led             1    0[COMMON] enum E2
 Return value:  Size  Location     Type
		None               void
 Registers used:
		wreg, fsr0l, fsr0h, status,2, status,0
 Tracked objects:
		On entry : 
		On exit  : 
		Unchanged: 
 Data sizes:     COMMON   BANK0   BANK1   BANK2   BANK3   BANK4   BANK5   BANK6   BANK7   BANK8   BANK9  BANK10  BANK11  BANK12
      Params:         0       0       0       0       0       0       0       0       0       0       0       0       0       0
      Locals:         1       0       0       0       0       0       0       0       0       0       0       0       0       0
      Temps:          0       0       0       0       0       0       0       0       0       0       0       0       0       0
      Totals:         1       0       0       0       0       0       0       0       0       0       0       0       0       0
Total ram usage:        1 bytes
 Hardware stack levels used:    1
 This function calls:
		Nothing
 This function is called by:
		_APP_LEDUpdateUSBStatus
 This function uses a non-reentrant model


 *************** function _APP_DeviceCDCBasicDemoInitialize *****************
 Defined at:
		line 55 in file "../src/app_device_cdc_basic.c"
 Parameters:    Size  Location     Type
		None
 Auto vars:     Size  Location     Type
		None
 Return value:  Size  Location     Type
		None               void
 Registers used:
		wreg, fsr1l, fsr1h, status,2, status,0, pclath, cstack
 Tracked objects:
		On entry : 
		On exit  : 
		Unchanged: 
 Data sizes:     COMMON   BANK0   BANK1   BANK2   BANK3   BANK4   BANK5   BANK6   BANK7   BANK8   BANK9  BANK10  BANK11  BANK12
      Params:         0       0       0       0       0       0       0       0       0       0       0       0       0       0
      Locals:         0       0       0       0       0       0       0       0       0       0       0       0       0       0
      Temps:          1       0       0       0       0       0       0       0       0       0       0       0       0       0
      Totals:         1       0       0       0       0       0       0       0       0       0       0       0       0       0
Total ram usage:        1 bytes
 Hardware stack levels used:    1
 Hardware stack levels required when called:    3
 This function calls:
		_CDCInitEP
 This function is called by:
		_USER_USB_CALLBACK_EVENT_HANDLER
 This function uses a non-reentrant model


 *************** function _CDCInitEP *****************
 Defined at:
		line 351 in file "../../../../../../framework/usb/src/usb_device_cdc.c"
 Parameters:    Size  Location     Type
		None
 Auto vars:     Size  Location     Type
		None
 Return value:  Size  Location     Type
		None               void
 Registers used:
		wreg, fsr1l, fsr1h, status,2, status,0, pclath, cstack
 Tracked objects:
		On entry : 
		On exit  : 
		Unchanged: 
 Data sizes:     COMMON   BANK0   BANK1   BANK2   BANK3   BANK4   BANK5   BANK6   BANK7   BANK8   BANK9  BANK10  BANK11  BANK12
      Params:         0       0       0       0       0       0       0       0       0       0       0       0       0       0
      Locals:         0       0       0       0       0       0       0       0       0       0       0       0       0       0
      Temps:          0       2       0       0       0       0       0       0       0       0       0       0       0       0
      Totals:         0       2       0       0       0       0       0       0       0       0       0       0       0       0
Total ram usage:        2 bytes
 Hardware stack levels used:    1
 Hardware stack levels required when called:    2
 This function calls:
		_USBEnableEndpoint
		i1_USBTransferOnePacket
 This function is called by:
		_APP_DeviceCDCBasicDemoInitialize
 This function uses a non-reentrant model


 *************** function i1_USBTransferOnePacket *****************
 Defined at:
		line 989 in file "../../../../../../framework/usb/src/usb_device.c"
 Parameters:    Size  Location     Type
  ep              1    wreg     unsigned char 
  dir             1    0[COMMON] unsigned char 
  data            2    1[COMMON] PTR unsigned char 
		 -> cdc_data_tx(64), cdc_data_rx(64), NULL(0), 
  len             1    3[COMMON] unsigned char 
 Auto vars:     Size  Location     Type
  ep              1    6[COMMON] unsigned char 
  USBTransferO    1    7[COMMON] PTR volatile struct __BD
		 -> NULL(0), BDT(48), 
 Return value:  Size  Location     Type
                  1    wreg      PTR void 
 Registers used:
		wreg, fsr1l, fsr1h, status,2, status,0
 Tracked objects:
		On entry : 
		On exit  : 
		Unchanged: 
 Data sizes:     COMMON   BANK0   BANK1   BANK2   BANK3   BANK4   BANK5   BANK6   BANK7   BANK8   BANK9  BANK10  BANK11  BANK12
      Params:         4       0       0       0       0       0       0       0       0       0       0       0       0       0
      Locals:         2       0       0       0       0       0       0       0       0       0       0       0       0       0
      Temps:          2       0       0       0       0       0       0       0       0       0       0       0       0       0
      Totals:         8       0       0       0       0       0       0       0       0       0       0       0       0       0
Total ram usage:        8 bytes
 Hardware stack levels used:    1
 This function calls:
		Nothing
 This function is called by:
		_CDCInitEP
 This function uses a non-reentrant model


 *************** function _USBEnableEndpoint *****************
 Defined at:
		line 872 in file "../../../../../../framework/usb/src/usb_device.c"
 Parameters:    Size  Location     Type
  ep              1    wreg     unsigned char 
  options         1    7[COMMON] unsigned char 
 Auto vars:     Size  Location     Type
  ep              1   12[COMMON] unsigned char 
  p               2   10[COMMON] PTR unsigned char 
		 -> UEP0(1), 
 Return value:  Size  Location     Type
		None               void
 Registers used:
		wreg, fsr1l, fsr1h, status,2, status,0, pclath, cstack
 Tracked objects:
		On entry : 
		On exit  : 
		Unchanged: 
 Data sizes:     COMMON   BANK0   BANK1   BANK2   BANK3   BANK4   BANK5   BANK6   BANK7   BANK8   BANK9  BANK10  BANK11  BANK12
      Params:         1       0       0       0       0       0       0       0       0       0       0       0       0       0
      Locals:         3       0       0       0       0       0       0       0       0       0       0       0       0       0
      Temps:          2       0       0       0       0       0       0       0       0       0       0       0       0       0
      Totals:         6       0       0       0       0       0       0       0       0       0       0       0       0       0
Total ram usage:        6 bytes
 Hardware stack levels used:    1
 Hardware stack levels required when called:    1
 This function calls:
		_USBConfigureEndpoint
 This function is called by:
		_CDCInitEP
 This function uses a non-reentrant model


 *************** function _USBConfigureEndpoint *****************
 Defined at:
		line 1537 in file "../../../../../../framework/usb/src/usb_device.c"
 Parameters:    Size  Location     Type
  EPNum           1    wreg     unsigned char 
  direction       1    0[COMMON] unsigned char 
 Auto vars:     Size  Location     Type
  EPNum           1    5[COMMON] unsigned char 
  handle          1    6[COMMON] PTR volatile struct __BD
		 -> BDT(48), 
 Return value:  Size  Location     Type
		None               void
 Registers used:
		wreg, fsr1l, fsr1h, status,2, status,0
 Tracked objects:
		On entry : 
		On exit  : 
		Unchanged: 
 Data sizes:     COMMON   BANK0   BANK1   BANK2   BANK3   BANK4   BANK5   BANK6   BANK7   BANK8   BANK9  BANK10  BANK11  BANK12
      Params:         1       0       0       0       0       0       0       0       0       0       0       0       0       0
      Locals:         2       0       0       0       0       0       0       0       0       0       0       0       0       0
      Temps:          4       0       0       0       0       0       0       0       0       0       0       0       0       0
      Totals:         7       0       0       0       0       0       0       0       0       0       0       0       0       0
Total ram usage:        7 bytes
 Hardware stack levels used:    1
 This function calls:
		Nothing
 This function is called by:
		_USBEnableEndpoint
 This function uses a non-reentrant model


 *************** function _USBCtrlTrfOutHandler *****************
 Defined at:
		line 2535 in file "../../../../../../framework/usb/src/usb_device.c"
 Parameters:    Size  Location     Type
		None
 Auto vars:     Size  Location     Type
		None
 Return value:  Size  Location     Type
		None               void
 Registers used:
		wreg, fsr1l, fsr1h, status,2, status,0, pclath, cstack
 Tracked objects:
		On entry : 
		On exit  : 
		Unchanged: 
 Data sizes:     COMMON   BANK0   BANK1   BANK2   BANK3   BANK4   BANK5   BANK6   BANK7   BANK8   BANK9  BANK10  BANK11  BANK12
      Params:         0       0       0       0       0       0       0       0       0       0       0       0       0       0
      Locals:         0       0       0       0       0       0       0       0       0       0       0       0       0       0
      Temps:          2       0       0       0       0       0       0       0       0       0       0       0       0       0
      Totals:         2       0       0       0       0       0       0       0       0       0       0       0       0       0
Total ram usage:        2 bytes
 Hardware stack levels used:    1
 Hardware stack levels required when called:    2
 This function calls:
		_USBCtrlTrfRxService
 This function is called by:
		_USBCtrlEPService
 This function uses a non-reentrant model


 *************** function _USBCtrlTrfRxService *****************
 Defined at:
		line 1846 in file "../../../../../../framework/usb/src/usb_device.c"
 Parameters:    Size  Location     Type
		None
 Auto vars:     Size  Location     Type
  byteToRead      1    5[COMMON] unsigned char 
  i               1    4[COMMON] unsigned char 
 Return value:  Size  Location     Type
		None               void
 Registers used:
		wreg, fsr1l, fsr1h, status,2, status,0, pclath, cstack
 Tracked objects:
		On entry : 
		On exit  : 
		Unchanged: 
 Data sizes:     COMMON   BANK0   BANK1   BANK2   BANK3   BANK4   BANK5   BANK6   BANK7   BANK8   BANK9  BANK10  BANK11  BANK12
      Params:         0       0       0       0       0       0       0       0       0       0       0       0       0       0
      Locals:         2       0       0       0       0       0       0       0       0       0       0       0       0       0
      Temps:          2       0       0       0       0       0       0       0       0       0       0       0       0       0
      Totals:         4       0       0       0       0       0       0       0       0       0       0       0       0       0
Total ram usage:        4 bytes
 Hardware stack levels used:    1
 Hardware stack levels required when called:    1
 This function calls:
		_USBCtrlEPAllowStatusStage
 This function is called by:
		_USBCtrlTrfOutHandler
 This function uses a non-reentrant model


 *************** function _USBCtrlEPAllowStatusStage *****************
 Defined at:
		line 1410 in file "../../../../../../framework/usb/src/usb_device.c"
 Parameters:    Size  Location     Type
		None
 Auto vars:     Size  Location     Type
		None
 Return value:  Size  Location     Type
		None               void
 Registers used:
		wreg, fsr1l, fsr1h, status,2, status,0
 Tracked objects:
		On entry : 
		On exit  : 
		Unchanged: 
 Data sizes:     COMMON   BANK0   BANK1   BANK2   BANK3   BANK4   BANK5   BANK6   BANK7   BANK8   BANK9  BANK10  BANK11  BANK12
      Params:         0       0       0       0       0       0       0       0       0       0       0       0       0       0
      Locals:         0       0       0       0       0       0       0       0       0       0       0       0       0       0
      Temps:          2       0       0       0       0       0       0       0       0       0       0       0       0       0
      Totals:         2       0       0       0       0       0       0       0       0       0       0       0       0       0
Total ram usage:        2 bytes
 Hardware stack levels used:    1
 This function calls:
		Nothing
 This function is called by:
		_USBDeviceTasks
		_USBCtrlEPServiceComplete
		_USBCtrlTrfRxService
 This function uses a non-reentrant model


 *************** function _USBCtrlTrfInHandler *****************
 Defined at:
		line 2589 in file "../../../../../../framework/usb/src/usb_device.c"
 Parameters:    Size  Location     Type
		None
 Auto vars:     Size  Location     Type
  lastDTS         1    5[COMMON] unsigned char 
 Return value:  Size  Location     Type
		None               void
 Registers used:
		wreg, fsr0l, fsr0h, fsr1l, fsr1h, status,2, status,0, pclath, cstack
 Tracked objects:
		On entry : 
		On exit  : 
		Unchanged: 
 Data sizes:     COMMON   BANK0   BANK1   BANK2   BANK3   BANK4   BANK5   BANK6   BANK7   BANK8   BANK9  BANK10  BANK11  BANK12
      Params:         0       0       0       0       0       0       0       0       0       0       0       0       0       0
      Locals:         1       0       0       0       0       0       0       0       0       0       0       0       0       0
      Temps:          2       0       0       0       0       0       0       0       0       0       0       0       0       0
      Totals:         3       0       0       0       0       0       0       0       0       0       0       0       0       0
Total ram usage:        3 bytes
 Hardware stack levels used:    1
 Hardware stack levels required when called:    1
 This function calls:
		_USBCtrlTrfTxService
 This function is called by:
		_USBCtrlEPService
 This function uses a non-reentrant model


 *************** function _USBCtrlTrfTxService *****************
 Defined at:
		line 1765 in file "../../../../../../framework/usb/src/usb_device.c"
 Parameters:    Size  Location     Type
		None
 Auto vars:     Size  Location     Type
  byteToSend      1    2[COMMON] unsigned char 
 Return value:  Size  Location     Type
		None               void
 Registers used:
		wreg, fsr0l, fsr0h, fsr1l, fsr1h, status,2, status,0, pclath
 Tracked objects:
		On entry : 
		On exit  : 
		Unchanged: 
 Data sizes:     COMMON   BANK0   BANK1   BANK2   BANK3   BANK4   BANK5   BANK6   BANK7   BANK8   BANK9  BANK10  BANK11  BANK12
      Params:         0       0       0       0       0       0       0       0       0       0       0       0       0       0
      Locals:         1       0       0       0       0       0       0       0       0       0       0       0       0       0
      Temps:          2       0       0       0       0       0       0       0       0       0       0       0       0       0
      Totals:         3       0       0       0       0       0       0       0       0       0       0       0       0       0
Total ram usage:        3 bytes
 Hardware stack levels used:    1
 This function calls:
		Nothing
 This function is called by:
		_USBCtrlEPAllowDataStage
		_USBCtrlTrfInHandler
 This function uses a non-reentrant model



MODULE INFORMATION

Module		Function		Class		Link	Load	Size
../../../../../../bsp/low_pin_count_usb_development_kit/pic16f1459/leds.c
		_LED_Off       		CODE           	095F	0000	25
		_LED_On        		CODE           	0978	0000	25
		_LED_Enable    		CODE           	09AC	0000	27

../../../../../../bsp/low_pin_count_usb_development_kit/pic16f1459/leds.c estimated size: 77

C:\Program Files (x86)\Microchip\xc8\v1.31\sources\common\memset.c
		_memset        		CODE           	09C7	0000	29

C:\Program Files (x86)\Microchip\xc8\v1.31\sources\common\memset.c estimated size: 29

../../../../../../bsp/low_pin_count_usb_development_kit/pic16f1459/buttons.c
		_BUTTON_IsPress		CODE           	0930	0000	23
		_BUTTON_Enable 		CODE           	08EA	0000	11

../../../../../../bsp/low_pin_count_usb_development_kit/pic16f1459/buttons.c estimated size: 34

shared
		_configDescript		STRING         	030B	0000	67
		_USB_CD_Ptr    		STRING         	030A	0000	1
		_sd001         		STRING         	034E	0000	52
		__stringtab    		STRING         	0306	0000	1
		_sd002         		STRING         	0382	0000	52
		i1_USBDeviceIni		CODE           	047E	0000	165
		__initializatio		CODE           	0012	0000	43
		_device_dsc    		STRING         	03B6	0000	18
		_USB_SD_Ptr    		STRING         	0307	0000	3
		_sd000         		STRING         	03C8	0000	4
		i1_USBTransferO		CODE           	0B58	0000	76

shared estimated size: 482

../../../../../../framework/usb/src/usb_device_cdc.c
		_CDCTxService  		CODE           	0231	0000	213
		_CDCInitEP     		CODE           	0AE6	0000	57
		_putUSBUSART   		CODE           	0991	0000	27
		_putrsUSBUSART 		CODE           	0AB4	0000	50
		_getsUSBUSART  		CODE           	0D91	0000	98
		_USBCheckCDCReq		CODE           	0D2F	0000	98

../../../../../../framework/usb/src/usb_device_cdc.c estimated size: 543

../src/app_device_cdc_basic.c
		_APP_DeviceCDCB		CODE           	0F22	0000	110
		_APP_DeviceCDCB		CODE           	0907	0000	19

../src/app_device_cdc_basic.c estimated size: 129

../../../../../../framework/usb/src/usb_device.c
		_USBCtrlTrfInHa		CODE           	0E56	0000	100
		_USBTransferOne		CODE           	0C3D	0000	77
		_USBDeviceAttac		CODE           	09E4	0000	29
		_USBStdGetDscHa		CODE           	06D2	0000	121
		_USBCtrlEPAllow		CODE           	0CD8	0000	87
		_USBStdFeatureR		CODE           	0040	0000	265
		_USBCtrlEPAllow		CODE           	0EBA	0000	104
		_USBCtrlTrfSetu		CODE           	0BF0	0000	77
		_USBCtrlTrfOutH		CODE           	0A84	0000	48
		_USBCtrlEPServi		CODE           	064D	0000	133
		_USBSuspend    		CODE           	0A1F	0000	31
		_USBStdSetCfgHa		CODE           	05BC	0000	145
		_USBStdGetStatu		CODE           	0BA4	0000	76
		_USBWakeFromSus		CODE           	0A01	0000	30
		_USBCtrlTrfRxSe		CODE           	0523	0000	153
		_USBCtrlTrfTxSe		CODE           	0F90	0000	112
		_USBEnableEndpo		CODE           	0A3E	0000	32
		_USBConfigureEn		CODE           	07BC	0000	61
		_USBDeviceInit 		CODE           	03CC	0000	178
		_USBCtrlEPServi		CODE           	074B	0000	113
		_USBStallHandle		CODE           	0A5E	0000	38
		_USBDeviceTasks		CODE           	0149	0000	232
		_USBCheckStdReq		CODE           	0DF3	0000	99

../../../../../../framework/usb/src/usb_device.c estimated size: 2341

../src/app_led_usb_status.c
		_APP_LEDUpdateU		CODE           	0C8A	0000	78

../src/app_led_usb_status.c estimated size: 78

../src/main.c
		_main          		CODE           	091A	0000	22
		_USER_USB_CALLB		CODE           	0B1F	0000	57

../src/main.c estimated size: 79

../src/system_config/low_pin_count_usb_development_kit/pic16f1459/system.c
		_SYS_InterruptH		CODE           	0004	0000	12
		_SYSTEM_Initial		CODE           	0947	0000	24

../src/system_config/low_pin_count_usb_development_kit/pic16f1459/system.c estimated size: 36

